// Vitest Snapshot v1, https://vitest.dev/guide/snapshot.html

exports[`base screen > has a stable Components V2 tree 1`] = `
{
  "accent_color": 13451563,
  "components": [
    {
      "content": "## Soboj's base
Storage 12% · nothing waiting yet",
      "type": 10,
    },
    {
      "items": [
        {
          "media": {
            "url": "attachment://base.png",
          },
        },
      ],
      "type": 12,
    },
    {
      "content": "Collected 🪵 +120 · 🪨 +80",
      "type": 10,
    },
    {
      "content": "-# Tap Gather to grab your first wood and stone.",
      "type": 10,
    },
    {
      "divider": true,
      "spacing": 1,
      "type": 14,
    },
    {
      "components": [
        {
          "custom_id": "idle:v1:base:collect:1:",
          "label": "Collect",
          "style": 2,
          "type": 2,
        },
        {
          "custom_id": "idle:v1:base:gather:1:",
          "label": "Gather",
          "style": 1,
          "type": 2,
        },
        {
          "custom_id": "idle:v1:base:tools:1:",
          "label": "Tools",
          "style": 2,
          "type": 2,
        },
        {
          "custom_id": "idle:v1:base:refresh:1:",
          "label": "Refresh",
          "style": 2,
          "type": 2,
        },
      ],
      "type": 1,
    },
  ],
  "type": 17,
}
`;
